Reading authors from JSON files...

Found 25 unique authors:

  1. Ка̄ліда̄с
  2. Шрī Сатьяврат Муні
  3. Шрīла Бгакті Ракшак Шрīдгар Дев-Ґосва̄мī Маха̄ра̄дж
  4. Шрīла Бгакті Судгīр Ґосва̄мī Маха̄ра̄дж
  5. Шрīла Бгакті Сундар Ґовінда Дев-Ґосва̄мī Маха̄ра̄дж
  6. Шрīла Бгактівінод Тха̄кур
  7. Шрīла Бгактісіддга̄нта Сарасватī Тха̄кур
  8. Шрīла Ва̄судева Гоша
  9. Шрīла Вринда̄ван Да̄с Тха̄кур
 10. Шрīла Відьяпаті
 11. Шрīла Вішвана̄тх Чакравартī Тха̄кур
 12. Шрīла Джаядева Ґосва̄мī
 13. Шрīла Кришнада̄с Кавіра̄дж Ґосва̄мī
 14. Шрīла Лочан Да̄с Тха̄кур
 15. Шрīла Нароттам Да̄с Тха̄кур
 16. Шрīла Наяна̄нанда Да̄с
 17. Шрīла Према̄нанда Да̄с
 18. Шрīла Рагуна̄тх Да̄с Ґосва̄мī Прабгу
 19. Шрīла Рӯпа Ґосва̄мī
 20. Шрīла Чандрашєкхара Каві
 21. Шрīла Шрīніва̄с А̄ча̄рʼя
 22. Шрīла Ґовінда Да̄с Кавіра̄дж
 23. Шрīпа̄д Б. А. Парамахамса Маха̄ра̄дж
 24. Шрīпа̄д Бгакті А̄нанда Са̄ґар Маха̄ра̄дж
 25. Ґопа̄л Ґовінда Маханта
